main.c:157:5:main	24	static
main.c:282:6:SystemClock_Config	88	static
main.c:324:13:MX_ADC1_Init	24	static
main.c:369:13:MX_TIM1_Init	96	static
main.c:452:13:MX_USART2_UART_Init	8	static
main.c:485:13:MX_GPIO_Init	32	static
main.c:528:6:Parse_spremnik	16	static
main.c:539:6:Parse_predmet	4	static
main.c:545:5:CharToInt3	24	static
main.c:559:5:CharToInt4	24	static
main.c:576:6:Analiza_predmeta	16	static
main.c:596:5:Odabir_spremnika	24	static
main.c:614:5:HX711_read	24	static
main.c:643:6:HX711_read_average	24	static
main.c:651:8:HX711_get_value	24	static
main.c:655:7:HX711_get_units	24	static
main.c:659:6:HX711_set_offset	16	static
main.c:663:6:HX711_set_scale	16	static
main.c:667:6:HX711_Tare	32	static
main.c:674:6:Stepper_Step	24	static
main.c:692:6:Servo_motor	32	static
main.c:697:6:Pomakni_na_vagu	8	static
main.c:705:6:Makni_sa_vage	8	static
main.c:713:6:Postavi_spremnik	16	static
main.c:766:6:Error_Handler	4	static
