main.c:157:5:main	24	static
main.c:273:6:SystemClock_Config	88	static
main.c:311:13:MX_ADC1_Init	24	static
main.c:353:13:MX_TIM1_Init	96	static
main.c:432:13:MX_USART2_UART_Init	8	static
main.c:463:13:MX_GPIO_Init	32	static
main.c:507:6:Parse_spremnik	16	static
main.c:527:6:Parse_predmet	4	static
main.c:533:5:CharToInt3	24	static
main.c:547:5:CharToInt4	24	static
main.c:564:6:Analiza_predmeta	16	static
main.c:584:5:Odabir_spremnika	24	static
main.c:602:5:HX711_read	24	static
main.c:631:6:HX711_read_average	24	static
main.c:639:8:HX711_get_value	24	static
main.c:643:7:HX711_get_units	24	static
main.c:647:6:HX711_set_offset	16	static
main.c:651:6:HX711_set_scale	16	static
main.c:655:6:HX711_Tare	32	static
main.c:662:6:Stepper_Step	24	static
main.c:680:6:Servo_motor	32	static
main.c:685:6:Pomakni_na_vagu	8	static
main.c:693:6:Makni_sa_vage	8	static
main.c:701:6:Postavi_spremnik	16	static
main.c:754:6:Error_Handler	4	static
